===== AI Secretary Hello World Build =====

[1/8] Aufräumen vorheriger Builds...
[2/8] Kompiliere Ressourcen mit AAPT2...
[3/8] Verlinke Ressourcen und erstelle APK...
error: failed to open APK: I/O error.
